[0m14:23:47.207748 [debug] [MainThread]: Sending event: {'category': 'dbt', 'action': 'invocation', 'label': 'start', 'context': [<snowplow_tracker.self_describing_json.SelfDescribingJson object at 0x000001E46235F8C0>, <snowplow_tracker.self_describing_json.SelfDescribingJson object at 0x000001E4603AC410>, <snowplow_tracker.self_describing_json.SelfDescribingJson object at 0x000001E464707C50>]}


============================== 14:23:47.218784 | 0e63e685-7238-4cc1-ba1d-b94d73348e7b ==============================
[0m14:23:47.218784 [info ] [MainThread]: Running with dbt=1.10.13
[0m14:23:47.219424 [debug] [MainThread]: running dbt with arguments {'cache_selected_only': 'False', 'use_colors': 'True', 'target_path': 'None', 'no_print': 'None', 'log_format': 'default', 'warn_error': 'None', 'log_path': 'logs', 'partial_parse': 'True', 'fail_fast': 'False', 'send_anonymous_usage_stats': 'True', 'indirect_selection': 'eager', 'warn_error_options': 'WarnErrorOptionsV2(error=[], warn=[], silence=[])', 'static_parser': 'True', 'version_check': 'True', 'use_experimental_parser': 'False', 'quiet': 'False', 'introspect': 'True', 'empty': 'None', 'log_cache_events': 'False', 'debug': 'False', 'profiles_dir': 'C:\\Users\\mateo\\.dbt', 'invocation_command': 'dbt init dbt_transformations', 'printer_width': '80', 'write_json': 'True'}
[0m14:23:47.229439 [info ] [MainThread]: Creating dbt configuration folder at C:\Users\mateo\.dbt
[0m14:23:47.231062 [debug] [MainThread]: Starter project path: C:\Users\mateo\Desktop\DataEngineeringProjects\DuckdbChessPipeline\myenv\Lib\site-packages\dbt\include\starter_project
[0m14:23:47.244370 [info ] [MainThread]: 
Your new dbt project "dbt_transformations" was created!

For more information on how to configure the profiles.yml file,
please consult the dbt documentation here:

  https://docs.getdbt.com/docs/configure-your-profile

One more thing:

Need help? Don't hesitate to reach out to us via GitHub issues or on Slack:

  https://community.getdbt.com/

Happy modeling!

[0m14:23:47.245591 [info ] [MainThread]: Setting up your profile.
[0m14:23:53.207792 [info ] [MainThread]: Profile dbt_transformations written to C:\Users\mateo\.dbt\profiles.yml using target's sample configuration. Once updated, you'll be able to start developing with dbt.
[0m14:23:53.208889 [debug] [MainThread]: Command `dbt init` succeeded at 14:23:53.208792 after 6.11 seconds
[0m14:23:53.209138 [debug] [MainThread]: Sending event: {'category': 'dbt', 'action': 'invocation', 'label': 'end', 'context': [<snowplow_tracker.self_describing_json.SelfDescribingJson object at 0x000001E46488EC40>, <snowplow_tracker.self_describing_json.SelfDescribingJson object at 0x000001E4648C9490>, <snowplow_tracker.self_describing_json.SelfDescribingJson object at 0x000001E4608EDD00>]}
[0m14:23:53.209430 [debug] [MainThread]: Flushing usage events
[0m14:23:53.648286 [debug] [MainThread]: An error was encountered while trying to flush usage events
[0m18:52:56.805141 [debug] [MainThread]: Sending event: {'category': 'dbt', 'action': 'invocation', 'label': 'start', 'context': [<snowplow_tracker.self_describing_json.SelfDescribingJson object at 0x00000248EE45F8C0>, <snowplow_tracker.self_describing_json.SelfDescribingJson object at 0x00000248EC4A8410>, <snowplow_tracker.self_describing_json.SelfDescribingJson object at 0x00000248F080FC50>]}


============================== 18:52:56.817312 | 8096d74a-4ead-47a3-aa16-5aa8cb2cf8e7 ==============================
[0m18:52:56.817312 [info ] [MainThread]: Running with dbt=1.10.13
[0m18:52:56.818262 [debug] [MainThread]: running dbt with arguments {'log_format': 'default', 'target_path': 'None', 'profiles_dir': 'C:\\Users\\mateo\\.dbt', 'use_colors': 'True', 'cache_selected_only': 'False', 'warn_error': 'None', 'indirect_selection': 'eager', 'partial_parse': 'True', 'log_path': 'logs', 'send_anonymous_usage_stats': 'True', 'static_parser': 'True', 'warn_error_options': 'WarnErrorOptionsV2(error=[], warn=[], silence=[])', 'fail_fast': 'False', 'version_check': 'True', 'use_experimental_parser': 'False', 'quiet': 'False', 'introspect': 'True', 'empty': 'None', 'log_cache_events': 'False', 'debug': 'False', 'no_print': 'None', 'invocation_command': 'dbt test', 'printer_width': '80', 'write_json': 'True'}
[0m18:52:56.818692 [error] [MainThread]: Encountered an error:
Runtime Error
  No dbt_project.yml found at expected path C:\Users\mateo\Desktop\DataEngineeringProjects\DuckdbChessPipeline\dbt_project.yml
  Verify that each entry within packages.yml (and their transitive dependencies) contains a file named dbt_project.yml
  
[0m18:52:56.819593 [debug] [MainThread]: Command `dbt test` failed at 18:52:56.819492 after 0.24 seconds
[0m18:52:56.819877 [debug] [MainThread]: Sending event: {'category': 'dbt', 'action': 'invocation', 'label': 'end', 'context': [<snowplow_tracker.self_describing_json.SelfDescribingJson object at 0x00000248EF793950>, <snowplow_tracker.self_describing_json.SelfDescribingJson object at 0x00000248EF7517F0>, <snowplow_tracker.self_describing_json.SelfDescribingJson object at 0x00000248F07F1590>]}
[0m18:52:56.820160 [debug] [MainThread]: Flushing usage events
[0m18:52:57.385909 [debug] [MainThread]: An error was encountered while trying to flush usage events
